Archive member included to satisfy reference by file (symbol)

c:/ti/ccsv7/tools/compiler/gcc-arm-none-eabi-6-2017-q1-update/bin/../lib/gcc/arm-none-eabi/6.3.1/../../../../arm-none-eabi/lib/thumb/v7e-m/fpv4-sp/hard\libg.a(lib_a-exit.o)
                              c:/ti/ccsv7/tools/compiler/gcc-arm-none-eabi-6-2017-q1-update/bin/../lib/gcc/arm-none-eabi/6.3.1/../../../../arm-none-eabi/lib/thumb/v7e-m/fpv4-sp/hard/crt0.o (exit)
c:/ti/ccsv7/tools/compiler/gcc-arm-none-eabi-6-2017-q1-update/bin/../lib/gcc/arm-none-eabi/6.3.1/../../../../arm-none-eabi/lib/thumb/v7e-m/fpv4-sp/hard\libg.a(lib_a-impure.o)
                              c:/ti/ccsv7/tools/compiler/gcc-arm-none-eabi-6-2017-q1-update/bin/../lib/gcc/arm-none-eabi/6.3.1/../../../../arm-none-eabi/lib/thumb/v7e-m/fpv4-sp/hard\libg.a(lib_a-exit.o) (_global_impure_ptr)
c:/ti/ccsv7/tools/compiler/gcc-arm-none-eabi-6-2017-q1-update/bin/../lib/gcc/arm-none-eabi/6.3.1/../../../../arm-none-eabi/lib/thumb/v7e-m/fpv4-sp/hard\libg.a(lib_a-init.o)
                              c:/ti/ccsv7/tools/compiler/gcc-arm-none-eabi-6-2017-q1-update/bin/../lib/gcc/arm-none-eabi/6.3.1/../../../../arm-none-eabi/lib/thumb/v7e-m/fpv4-sp/hard/crt0.o (__libc_init_array)
c:/ti/ccsv7/tools/compiler/gcc-arm-none-eabi-6-2017-q1-update/bin/../lib/gcc/arm-none-eabi/6.3.1/../../../../arm-none-eabi/lib/thumb/v7e-m/fpv4-sp/hard\libg.a(lib_a-memcpy.o)
                              ./FreeRTOS/queue.o (memcpy)
c:/ti/ccsv7/tools/compiler/gcc-arm-none-eabi-6-2017-q1-update/bin/../lib/gcc/arm-none-eabi/6.3.1/../../../../arm-none-eabi/lib/thumb/v7e-m/fpv4-sp/hard\libg.a(lib_a-memset.o)
                              c:/ti/ccsv7/tools/compiler/gcc-arm-none-eabi-6-2017-q1-update/bin/../lib/gcc/arm-none-eabi/6.3.1/../../../../arm-none-eabi/lib/thumb/v7e-m/fpv4-sp/hard/crt0.o (memset)
c:/ti/ccsv7/tools/compiler/gcc-arm-none-eabi-6-2017-q1-update/bin/../lib/gcc/arm-none-eabi/6.3.1/../../../../arm-none-eabi/lib/thumb/v7e-m/fpv4-sp/hard\libg.a(lib_a-__call_atexit.o)
                              c:/ti/ccsv7/tools/compiler/gcc-arm-none-eabi-6-2017-q1-update/bin/../lib/gcc/arm-none-eabi/6.3.1/../../../../arm-none-eabi/lib/thumb/v7e-m/fpv4-sp/hard\libg.a(lib_a-exit.o) (__call_exitprocs)
c:/ti/ccsv7/tools/compiler/gcc-arm-none-eabi-6-2017-q1-update/bin/../lib/gcc/arm-none-eabi/6.3.1/../../../../arm-none-eabi/lib/thumb/v7e-m/fpv4-sp/hard\libg.a(lib_a-atexit.o)
                              c:/ti/ccsv7/tools/compiler/gcc-arm-none-eabi-6-2017-q1-update/bin/../lib/gcc/arm-none-eabi/6.3.1/../../../../arm-none-eabi/lib/thumb/v7e-m/fpv4-sp/hard\libg.a(lib_a-__call_atexit.o) (atexit)
c:/ti/ccsv7/tools/compiler/gcc-arm-none-eabi-6-2017-q1-update/bin/../lib/gcc/arm-none-eabi/6.3.1/../../../../arm-none-eabi/lib/thumb/v7e-m/fpv4-sp/hard\libg.a(lib_a-fini.o)
                              c:/ti/ccsv7/tools/compiler/gcc-arm-none-eabi-6-2017-q1-update/bin/../lib/gcc/arm-none-eabi/6.3.1/../../../../arm-none-eabi/lib/thumb/v7e-m/fpv4-sp/hard\libg.a(lib_a-__call_atexit.o) (__libc_fini_array)
c:/ti/ccsv7/tools/compiler/gcc-arm-none-eabi-6-2017-q1-update/bin/../lib/gcc/arm-none-eabi/6.3.1/../../../../arm-none-eabi/lib/thumb/v7e-m/fpv4-sp/hard\libg.a(lib_a-lock.o)
                              c:/ti/ccsv7/tools/compiler/gcc-arm-none-eabi-6-2017-q1-update/bin/../lib/gcc/arm-none-eabi/6.3.1/../../../../arm-none-eabi/lib/thumb/v7e-m/fpv4-sp/hard\libg.a(lib_a-__call_atexit.o) (__retarget_lock_acquire_recursive)
c:/ti/ccsv7/tools/compiler/gcc-arm-none-eabi-6-2017-q1-update/bin/../lib/gcc/arm-none-eabi/6.3.1/../../../../arm-none-eabi/lib/thumb/v7e-m/fpv4-sp/hard\libg.a(lib_a-__atexit.o)
                              c:/ti/ccsv7/tools/compiler/gcc-arm-none-eabi-6-2017-q1-update/bin/../lib/gcc/arm-none-eabi/6.3.1/../../../../arm-none-eabi/lib/thumb/v7e-m/fpv4-sp/hard\libg.a(lib_a-atexit.o) (__register_exitproc)
c:/ti/ccsv7/tools/compiler/gcc-arm-none-eabi-6-2017-q1-update/bin/../lib/gcc/arm-none-eabi/6.3.1/../../../../arm-none-eabi/lib/thumb/v7e-m/fpv4-sp/hard\libnosys.a(_exit.o)
                              c:/ti/ccsv7/tools/compiler/gcc-arm-none-eabi-6-2017-q1-update/bin/../lib/gcc/arm-none-eabi/6.3.1/../../../../arm-none-eabi/lib/thumb/v7e-m/fpv4-sp/hard\libg.a(lib_a-exit.o) (_exit)

Allocating common symbols
Common symbol       size              file

__lock___atexit_recursive_mutex
                    0x1               c:/ti/ccsv7/tools/compiler/gcc-arm-none-eabi-6-2017-q1-update/bin/../lib/gcc/arm-none-eabi/6.3.1/../../../../arm-none-eabi/lib/thumb/v7e-m/fpv4-sp/hard\libg.a(lib_a-lock.o)
__lock___arc4random_mutex
                    0x1               c:/ti/ccsv7/tools/compiler/gcc-arm-none-eabi-6-2017-q1-update/bin/../lib/gcc/arm-none-eabi/6.3.1/../../../../arm-none-eabi/lib/thumb/v7e-m/fpv4-sp/hard\libg.a(lib_a-lock.o)
__lock___env_recursive_mutex
[...]
Memory Configuration

Name             Origin             Length             Attributes
FLASH            0x00000000         0x00040000         xr
SRAM             0x20000000         0x00008000         xw
*default*        0x00000000         0xffffffff

Linker script and memory map

LOAD c:/ti/ccsv7/tools/compiler/gcc-arm-none-eabi-6-2017-q1-update/bin/../lib/gcc/arm-none-eabi/6.3.1/thumb/v7e-m/fpv4-sp/hard/crti.o
LOAD c:/ti/ccsv7/tools/compiler/gcc-arm-none-eabi-6-2017-q1-update/bin/../lib/gcc/arm-none-eabi/6.3.1/thumb/v7e-m/fpv4-sp/hard/crtbegin.o
LOAD c:/ti/ccsv7/tools/compiler/gcc-arm-none-eabi-6-2017-q1-update/bin/../lib/gcc/arm-none-eabi/6.3.1/../../../../arm-none-eabi/lib/thumb/v7e-m/fpv4-sp/hard/crt0.o
LOAD ./main.o
LOAD ./tm4c123gh6pm_startup_ccs_gcc.o
LOAD ./FreeRTOS/event_groups.o
LOAD ./FreeRTOS/list.o
LOAD ./FreeRTOS/queue.o
LOAD ./FreeRTOS/tasks.o
LOAD ./FreeRTOS/timers.o
LOAD ./FreeRTOS/portable/GCC/ARM_CM4F/port.o
LOAD ./FreeRTOS/portable/MemMang/heap_2.o
LOAD ./driverlib/adc.o
LOAD ./driverlib/aes.o
LOAD ./driverlib/can.o
LOAD ./driverlib/comp.o
LOAD ./driverlib/cpu.o
LOAD ./driverlib/crc.o
LOAD ./driverlib/des.o
LOAD ./driverlib/eeprom.o
LOAD ./driverlib/emac.o
LOAD ./driverlib/epi.o
LOAD ./driverlib/flash.o
LOAD ./driverlib/fpu.o
LOAD ./driverlib/gpio.o
LOAD ./driverlib/hibernate.o
LOAD ./driverlib/i2c.o
LOAD ./driverlib/interrupt.o
LOAD ./driverlib/lcd.o
LOAD ./driverlib/mpu.o
LOAD ./driverlib/onewire.o
LOAD ./driverlib/pwm.o
LOAD ./driverlib/qei.o
LOAD ./driverlib/shamd5.o
LOAD ./driverlib/ssi.o
LOAD ./driverlib/sw_crc.o
LOAD ./driverlib/sysctl.o
LOAD ./driverlib/sysexc.o
LOAD ./driverlib/systick.o
LOAD ./driverlib/timer.o
LOAD ./driverlib/uart.o
LOAD ./driverlib/udma.o
LOAD ./driverlib/usb.o
LOAD ./driverlib/watchdog.o
LOAD ./utils/uartstdio.o
LOAD ./utils/ustdlib.o
                0x00000000                PROVIDE (_intvecs_base_address, 0x0)

.intvecs        0x00000000      0x26c
 *(.intvecs)
 .intvecs       0x00000000      0x26c ./tm4c123gh6pm_startup_ccs_gcc.o
                0x00000000                g_pfnVectors
                0x20000000                PROVIDE (_vtable_base_address, 0x20000000)

.vtable
 *(.vtable)

.text           0x00000270     0x1620
 CREATE_OBJECT_SYMBOLS
 *(.text)
 .text          0x00000270       0x6c c:/ti/ccsv7/tools/compiler/gcc-arm-none-eabi-6-2017-q1-update/bin/../lib/gcc/arm-none-eabi/6.3.1/thumb/v7e-m/fpv4-sp/hard/crtbegin.o
 .text          0x000002dc      0x134 c:/ti/ccsv7/tools/compiler/gcc-arm-none-eabi-6-2017-q1-update/bin/../lib/gcc/arm-none-eabi/6.3.1/../../../../arm-none-eabi/lib/thumb/v7e-m/fpv4-sp/hard\libg.a(lib_a-memcpy.o)
                0x000002dc                memcpy
 *(.text.*)
 .text.Task1    0x00000410       0x7c ./main.o
                0x00000410                Task1
 .text.Task2    0x0000048c       0x48 ./main.o
                0x0000048c                Task2
 .text.ConfigureUART
                0x000004d4       0x64 ./main.o
                0x000004d4                ConfigureUART
 .text.startup.main
                0x00000538       0x88 ./main.o
                0x00000538                main
 .text.NmiSR    0x000005c0        0x2 ./tm4c123gh6pm_startup_ccs_gcc.o
 .text.FaultISR
                0x000005c2        0x2 ./tm4c123gh6pm_startup_ccs_gcc.o
 .text.IntDefaultHandler
                0x000005c4        0x2 ./tm4c123gh6pm_startup_ccs_gcc.o
 *fill*         0x000005c6        0x2 
 .text.ResetISR
                0x000005c8       0x4c ./tm4c123gh6pm_startup_ccs_gcc.o
                0x000005c8                ResetISR
 .text.vListInitialise
                0x00000614       0x16 ./FreeRTOS/list.o
                0x00000614                vListInitialise
 .text.vListInitialiseItem
                0x0000062a        0x6 ./FreeRTOS/list.o
                0x0000062a                vListInitialiseItem
 .text.vListInsertEnd
                0x00000630       0x18 ./FreeRTOS/list.o
                0x00000630                vListInsertEnd
 .text.vListInsert
                0x00000648       0x2e ./FreeRTOS/list.o
                0x00000648                vListInsert
 .text.uxListRemove
                0x00000676       0x20 ./FreeRTOS/list.o
                0x00000676                uxListRemove
 .text.prvCopyDataToQueue
                0x00000696       0x66 ./FreeRTOS/queue.o
 .text.prvCopyDataFromQueue
                0x000006fc       0x2a ./FreeRTOS/queue.o
 .text.prvUnlockQueue
                0x00000726       0x70 ./FreeRTOS/queue.o
 *fill*         0x00000796        0x2 
 .text.xQueueGenericReset
                0x00000798       0x6c ./FreeRTOS/queue.o
                0x00000798                xQueueGenericReset
 .text.xQueueGenericCreate
                0x00000804       0x2e ./FreeRTOS/queue.o
                0x00000804                xQueueGenericCreate
 *fill*         0x00000832        0x2 
 .text.xQueueGenericSend
                0x00000834       0xf4 ./FreeRTOS/queue.o
                0x00000834                xQueueGenericSend
 .text.xQueueCreateMutex
                0x00000928       0x24 ./FreeRTOS/queue.o
                0x00000928                xQueueCreateMutex
 .text.xQueueGenericReceive
                0x0000094c      0x134 ./FreeRTOS/queue.o
                0x0000094c                xQueueGenericReceive
 .text.prvResetNextTaskUnblockTime
                0x00000a80       0x24 ./FreeRTOS/tasks.o
 .text.prvAddCurrentTaskToDelayedList
                0x00000aa4       0x8c ./FreeRTOS/tasks.o
 .text.xTaskCreate
                0x00000b30      0x1a0 ./FreeRTOS/tasks.o
                0x00000b30                xTaskCreate
 .text.vTaskStartScheduler
                0x00000cd0       0x60 ./FreeRTOS/tasks.o
                0x00000cd0                vTaskStartScheduler
 .text.vTaskSuspendAll
                0x00000d30       0x10 ./FreeRTOS/tasks.o
                0x00000d30                vTaskSuspendAll
 .text.xTaskIncrementTick
                0x00000d40      0x10c ./FreeRTOS/tasks.o
                0x00000d40                xTaskIncrementTick
 .text.xTaskResumeAll
                0x00000e4c       0xd8 ./FreeRTOS/tasks.o
                0x00000e4c                xTaskResumeAll
 .text.vTaskDelay
                0x00000f24       0x30 ./FreeRTOS/tasks.o
                0x00000f24                vTaskDelay
 .text.prvIdleTask
                0x00000f54       0x74 ./FreeRTOS/tasks.o
 .text.vTaskSwitchContext
                0x00000fc8       0x5c ./FreeRTOS/tasks.o
                0x00000fc8                vTaskSwitchContext
 .text.vTaskPlaceOnEventList
                0x00001024       0x20 ./FreeRTOS/tasks.o
                0x00001024                vTaskPlaceOnEventList
 .text.xTaskRemoveFromEventList
                0x00001044       0x70 ./FreeRTOS/tasks.o
                0x00001044                xTaskRemoveFromEventList
 .text.vTaskSetTimeOutState
                0x000010b4       0x18 ./FreeRTOS/tasks.o
                0x000010b4                vTaskSetTimeOutState
 .text.xTaskCheckForTimeOut
                0x000010cc       0x4c ./FreeRTOS/tasks.o
                0x000010cc                xTaskCheckForTimeOut
 .text.vTaskMissedYield
                0x00001118        0xc ./FreeRTOS/tasks.o
                0x00001118                vTaskMissedYield
 .text.vTaskPriorityInherit
                0x00001124       0x8c ./FreeRTOS/tasks.o
                0x00001124                vTaskPriorityInherit
 .text.xTaskPriorityDisinherit
                0x000011b0       0x70 ./FreeRTOS/tasks.o
                0x000011b0                xTaskPriorityDisinherit
 .text.pvTaskIncrementMutexHeldCount
                0x00001220       0x18 ./FreeRTOS/tasks.o
                0x00001220                pvTaskIncrementMutexHeldCount
 .text.prvTaskExitError
                0x00001238       0x12 ./FreeRTOS/portable/GCC/ARM_CM4F/port.o
 *fill*         0x0000124a        0x2 
 .text.prvPortStartFirstTask
                0x0000124c       0x20 ./FreeRTOS/portable/GCC/ARM_CM4F/port.o
 .text.vPortEnableVFP
                0x0000126c       0x14 ./FreeRTOS/portable/GCC/ARM_CM4F/port.o
 .text.pxPortInitialiseStack
                0x00001280       0x2c ./FreeRTOS/portable/GCC/ARM_CM4F/port.o
                0x00001280                pxPortInitialiseStack
 *fill*         0x000012ac        0x4 
 .text.vPortSVCHandler
                0x000012b0       0x24 ./FreeRTOS/portable/GCC/ARM_CM4F/port.o
                0x000012b0                vPortSVCHandler
 .text.vPortEnterCritical
                0x000012d4       0x20 ./FreeRTOS/portable/GCC/ARM_CM4F/port.o
                0x000012d4                vPortEnterCritical
 .text.vPortExitCritical
                0x000012f4       0x14 ./FreeRTOS/portable/GCC/ARM_CM4F/port.o
                0x000012f4                vPortExitCritical
 *fill*         0x00001308        0x8 
 .text.xPortPendSVHandler
                0x00001310       0x64 ./FreeRTOS/portable/GCC/ARM_CM4F/port.o
                0x00001310                xPortPendSVHandler
 .text.xPortSysTickHandler
                0x00001374       0x2c ./FreeRTOS/portable/GCC/ARM_CM4F/port.o
                0x00001374                xPortSysTickHandler
 .text.vPortSetupTimerInterrupt
                0x000013a0       0x18 ./FreeRTOS/portable/GCC/ARM_CM4F/port.o
                0x000013a0                vPortSetupTimerInterrupt
 .text.xPortStartScheduler
                0x000013b8       0x40 ./FreeRTOS/portable/GCC/ARM_CM4F/port.o
                0x000013b8                xPortStartScheduler
 .text.pvPortMalloc
                0x000013f8       0xb4 ./FreeRTOS/portable/MemMang/heap_2.o
                0x000013f8                pvPortMalloc
 .text.vPortFree
                0x000014ac       0x40 ./FreeRTOS/portable/MemMang/heap_2.o
                0x000014ac                vPortFree
 .text.UARTClockSourceSet
                0x000014ec        0x6 ./driverlib/uart.o
                0x000014ec                UARTClockSourceSet
 *fill*         0x000014f2        0x2 
 .text.UARTStdioConfig
                0x000014f4       0x64 ./utils/uartstdio.o
                0x000014f4                UARTStdioConfig
 .text.UARTwrite
                0x00001558       0x44 ./utils/uartstdio.o
                0x00001558                UARTwrite
 .text.UARTvprintf
                0x0000159c      0x1a8 ./utils/uartstdio.o
                0x0000159c                UARTvprintf
 .text.UARTprintf
                0x00001744       0x1a ./utils/uartstdio.o
                0x00001744                UARTprintf
 *fill*         0x0000175e        0x2 
 .text.startup.register_fini
                0x00001760       0x14 c:/ti/ccsv7/tools/compiler/gcc-arm-none-eabi-6-2017-q1-update/bin/../lib/gcc/arm-none-eabi/6.3.1/../../../../arm-none-eabi/lib/thumb/v7e-m/fpv4-sp/hard\libg.a(lib_a-__call_atexit.o)
 .text.atexit   0x00001774        0xc c:/ti/ccsv7/tools/compiler/gcc-arm-none-eabi-6-2017-q1-update/bin/../lib/gcc/arm-none-eabi/6.3.1/../../../../arm-none-eabi/lib/thumb/v7e-m/fpv4-sp/hard\libg.a(lib_a-atexit.o)
                0x00001774                atexit
 .text.__libc_fini_array
                0x00001780       0x34 c:/ti/ccsv7/tools/compiler/gcc-arm-none-eabi-6-2017-q1-update/bin/../lib/gcc/arm-none-eabi/6.3.1/../../../../arm-none-eabi/lib/thumb/v7e-m/fpv4-sp/hard\libg.a(lib_a-fini.o)
                0x00001780                __libc_fini_array
 .text.__retarget_lock_acquire_recursive
                0x000017b4        0x4 c:/ti/ccsv7/tools/compiler/gcc-arm-none-eabi-6-2017-q1-update/bin/../lib/gcc/arm-none-eabi/6.3.1/../../../../arm-none-eabi/lib/thumb/v7e-m/fpv4-sp/hard\libg.a(lib_a-lock.o)
                0x000017b4                __retarget_lock_acquire_recursive
 .text.__retarget_lock_release_recursive
                0x000017b8        0x4 c:/ti/ccsv7/tools/compiler/gcc-arm-none-eabi-6-2017-q1-update/bin/../lib/gcc/arm-none-eabi/6.3.1/../../../../arm-none-eabi/lib/thumb/v7e-m/fpv4-sp/hard\libg.a(lib_a-lock.o)
                0x000017b8                __retarget_lock_release_recursive
 .text.__register_exitproc
                0x000017bc       0xc4 c:/ti/ccsv7/tools/compiler/gcc-arm-none-eabi-6-2017-q1-update/bin/../lib/gcc/arm-none-eabi/6.3.1/../../../../arm-none-eabi/lib/thumb/v7e-m/fpv4-sp/hard\libg.a(lib_a-__atexit.o)
                0x000017bc                __register_exitproc
                0x00001880                . = ALIGN (0x4)
 *(.ctors)
                0x00001880                . = ALIGN (0x4)
 *(.dtors)
                0x00001880                . = ALIGN (0x4)
                0x00001880                __init_array_start = .
 *(.init_array*)
 .init_array    0x00001880        0x4 c:/ti/ccsv7/tools/compiler/gcc-arm-none-eabi-6-2017-q1-update/bin/../lib/gcc/arm-none-eabi/6.3.1/thumb/v7e-m/fpv4-sp/hard/crtbegin.o
 .init_array.00000
                0x00001884        0x4 c:/ti/ccsv7/tools/compiler/gcc-arm-none-eabi-6-2017-q1-update/bin/../lib/gcc/arm-none-eabi/6.3.1/../../../../arm-none-eabi/lib/thumb/v7e-m/fpv4-sp/hard\libg.a(lib_a-__call_atexit.o)
                0x00001888                __init_array_end = .
 *(.init)
 .init          0x00001888        0x4 c:/ti/ccsv7/tools/compiler/gcc-arm-none-eabi-6-2017-q1-update/bin/../lib/gcc/arm-none-eabi/6.3.1/thumb/v7e-m/fpv4-sp/hard/crti.o
                0x00001888                _init
 *(.fini*)
 .fini          0x0000188c        0x4 c:/ti/ccsv7/tools/compiler/gcc-arm-none-eabi-6-2017-q1-update/bin/../lib/gcc/arm-none-eabi/6.3.1/thumb/v7e-m/fpv4-sp/hard/crti.o
                0x0000188c                _fini
                [!provide]                PROVIDE (__etext, .)
                [!provide]                PROVIDE (_etext, .)
                [!provide]                PROVIDE (etext, .)

.glue_7         0x00001890        0x0
 .glue_7        0x00001890        0x0 linker stubs

.glue_7t        0x00001890        0x0
 .glue_7t       0x00001890        0x0 linker stubs

.vfp11_veneer   0x00001890        0x0
 .vfp11_veneer  0x00001890        0x0 linker stubs

.v4_bx          0x00001890        0x0
 .v4_bx         0x00001890        0x0 linker stubs

.iplt           0x00001890        0x0
 .iplt          0x00001890        0x0 c:/ti/ccsv7/tools/compiler/gcc-arm-none-eabi-6-2017-q1-update/bin/../lib/gcc/arm-none-eabi/6.3.1/thumb/v7e-m/fpv4-sp/hard/crtbegin.o

.rodata         0x00001890       0xf0
 *(.rodata)
 *(.rodata*)
 .rodata.Task1.str1.1
                0x00001890       0x67 ./main.o
 .rodata.Task2.str1.1
                0x000018f7       0x26 ./main.o
 .rodata.main.str1.1
                0x0000191d       0x29 ./main.o
 .rodata.vTaskStartScheduler.str1.1
                0x00001946        0x5 ./FreeRTOS/tasks.o
 .rodata.UARTvprintf.str1.1
                0x0000194b       0x19 ./utils/uartstdio.o
 .rodata.g_ui32UARTBase
                0x00001964        0xc ./utils/uartstdio.o
 .rodata.g_ui32UARTPeriph
                0x00001970        0xc ./utils/uartstdio.o
 .rodata._global_impure_ptr
                0x0000197c        0x4 c:/ti/ccsv7/tools/compiler/gcc-arm-none-eabi-6-2017-q1-update/bin/../lib/gcc/arm-none-eabi/6.3.1/../../../../arm-none-eabi/lib/thumb/v7e-m/fpv4-sp/hard\libg.a(lib_a-impure.o)
                0x0000197c                _global_impure_ptr

.eh_frame       0x00001980        0x0
 .eh_frame      0x00001980        0x0 c:/ti/ccsv7/tools/compiler/gcc-arm-none-eabi-6-2017-q1-update/bin/../lib/gcc/arm-none-eabi/6.3.1/thumb/v7e-m/fpv4-sp/hard/crtbegin.o

.rel.dyn        0x00001980        0x0
 .rel.iplt      0x00001980        0x0 c:/ti/ccsv7/tools/compiler/gcc-arm-none-eabi-6-2017-q1-update/bin/../lib/gcc/arm-none-eabi/6.3.1/thumb/v7e-m/fpv4-sp/hard/crtbegin.o

.data           0x20000000      0x434 load address 0x00001980
                0x00001980                __data_load__ = LOADADDR (.data)
                0x20000000                __data_start__ = .
 *(.data)
 *(.data*)
 .data.uxCriticalNesting
                0x20000000        0x4 ./FreeRTOS/portable/GCC/ARM_CM4F/port.o
 .data.xFreeBytesRemaining
                0x20000004        0x4 ./FreeRTOS/portable/MemMang/heap_2.o
 .data.impure_data
                0x20000008      0x428 c:/ti/ccsv7/tools/compiler/gcc-arm-none-eabi-6-2017-q1-update/bin/../lib/gcc/arm-none-eabi/6.3.1/../../../../arm-none-eabi/lib/thumb/v7e-m/fpv4-sp/hard\libg.a(lib_a-impure.o)
 .data.__atexit_recursive_mutex
                0x20000430        0x4 c:/ti/ccsv7/tools/compiler/gcc-arm-none-eabi-6-2017-q1-update/bin/../lib/gcc/arm-none-eabi/6.3.1/../../../../arm-none-eabi/lib/thumb/v7e-m/fpv4-sp/hard\libg.a(lib_a-__call_atexit.o)
                0x20000430                __atexit_recursive_mutex
                0x20000434                . = ALIGN (0x4)
                0x20000434                __data_end__ = .

.jcr            0x20000434        0x0 load address 0x00001db4
 .jcr           0x20000434        0x0 c:/ti/ccsv7/tools/compiler/gcc-arm-none-eabi-6-2017-q1-update/bin/../lib/gcc/arm-none-eabi/6.3.1/thumb/v7e-m/fpv4-sp/hard/crtbegin.o

.igot.plt       0x20000434        0x0 load address 0x00001db4
 .igot.plt      0x20000434        0x0 c:/ti/ccsv7/tools/compiler/gcc-arm-none-eabi-6-2017-q1-update/bin/../lib/gcc/arm-none-eabi/6.3.1/thumb/v7e-m/fpv4-sp/hard/crtbegin.o

.ARM.exidx      0x00001db4        0x0
                0x00001db4                __exidx_start = .
 *(.ARM.exidx* .gnu.linkonce.armexidx.*)
                0x00001db4                __exidx_end = .

.ARM.extab
 *(.ARM.extab* .gnu.linkonce.armextab.*)

.bss            0x20000434     0x63a0
                0x20000434                __bss_start__ = .
 *(.shbss)
 *(.bss)
 .bss           0x20000434       0x1c c:/ti/ccsv7/tools/compiler/gcc-arm-none-eabi-6-2017-q1-update/bin/../lib/gcc/arm-none-eabi/6.3.1/thumb/v7e-m/fpv4-sp/hard/crtbegin.o
 *(.bss.*)
 .bss.gatekeeper
                0x20000450        0x4 ./main.o
                0x20000450                gatekeeper
 .bss.queue_handle
                0x20000454        0x4 ./main.o
                0x20000454                queue_handle
 .bss.pui32Stack
                0x20000458      0x200 ./tm4c123gh6pm_startup_ccs_gcc.o
 .bss.pxCurrentTCB
                0x20000658        0x4 ./FreeRTOS/tasks.o
                0x20000658                pxCurrentTCB
 .bss.pxDelayedTaskList
                0x2000065c        0x4 ./FreeRTOS/tasks.o
 .bss.pxOverflowDelayedTaskList
                0x20000660        0x4 ./FreeRTOS/tasks.o
 .bss.pxReadyTasksLists
                0x20000664       0xa0 ./FreeRTOS/tasks.o
 .bss.uxCurrentNumberOfTasks
                0x20000704        0x4 ./FreeRTOS/tasks.o
 .bss.uxDeletedTasksWaitingCleanUp
                0x20000708        0x4 ./FreeRTOS/tasks.o
 .bss.uxPendedTicks
                0x2000070c        0x4 ./FreeRTOS/tasks.o
 .bss.uxSchedulerSuspended
                0x20000710        0x4 ./FreeRTOS/tasks.o
 .bss.uxTaskNumber
                0x20000714        0x4 ./FreeRTOS/tasks.o
 .bss.uxTopReadyPriority
                0x20000718        0x4 ./FreeRTOS/tasks.o
 .bss.xDelayedTaskList1
                0x2000071c       0x14 ./FreeRTOS/tasks.o
 .bss.xDelayedTaskList2
                0x20000730       0x14 ./FreeRTOS/tasks.o
 .bss.xIdleTaskHandle
                0x20000744        0x4 ./FreeRTOS/tasks.o
 .bss.xNextTaskUnblockTime
                0x20000748        0x4 ./FreeRTOS/tasks.o
 .bss.xNumOfOverflows
                0x2000074c        0x4 ./FreeRTOS/tasks.o
 .bss.xPendingReadyList
                0x20000750       0x14 ./FreeRTOS/tasks.o
 .bss.xSchedulerRunning
                0x20000764        0x4 ./FreeRTOS/tasks.o
 .bss.xSuspendedTaskList
                0x20000768       0x14 ./FreeRTOS/tasks.o
 .bss.xTasksWaitingTermination
                0x2000077c       0x14 ./FreeRTOS/tasks.o
 .bss.xTickCount
                0x20000790        0x4 ./FreeRTOS/tasks.o
 .bss.xYieldPending
                0x20000794        0x4 ./FreeRTOS/tasks.o
 .bss.ucHeap    0x20000798     0x6000 ./FreeRTOS/portable/MemMang/heap_2.o
 .bss.xEnd      0x20006798        0x8 ./FreeRTOS/portable/MemMang/heap_2.o
 .bss.xHeapHasBeenInitialised.6242
                0x200067a0        0x4 ./FreeRTOS/portable/MemMang/heap_2.o
 .bss.xStart    0x200067a4        0x8 ./FreeRTOS/portable/MemMang/heap_2.o
 .bss.g_ui32Base
                0x200067ac        0x4 ./utils/uartstdio.o
 *(COMMON)
 COMMON         0x200067b0       0x21 c:/ti/ccsv7/tools/compiler/gcc-arm-none-eabi-6-2017-q1-update/bin/../lib/gcc/arm-none-eabi/6.3.1/../../../../arm-none-eabi/lib/thumb/v7e-m/fpv4-sp/hard\libg.a(lib_a-lock.o)
                0x200067b0                __lock___atexit_recursive_mutex
                0x200067b4                __lock___arc4random_mutex
                0x200067b8                __lock___env_recursive_mutex
                0x200067bc                __lock___sinit_recursive_mutex
                0x200067c0                __lock___malloc_recursive_mutex
                0x200067c4                __lock___at_quick_exit_mutex
                0x200067c8                __lock___dd_hash_mutex
                0x200067cc                __lock___tz_mutex
                0x200067d0                __lock___sfp_recursive_mutex
                0x200067d4                . = ALIGN (0x4)
 *fill*         0x200067d1        0x3 
                0x200067d4                __bss_end__ = .

.heap           0x200067d4        0x0
                0x200067d4                __heap_start__ = .
                0x200067d4                end = __heap_start__
                0x200067d4                _end = end
                0x200067d4                __end = end
 *(.heap)
                0x200067d4                __heap_end__ = .
                0x200067d4                __HeapLimit = __heap_end__

.stack          0x200067d8        0x0
                0x200067d8                _stack = .
                0x200067d8                __stack = .
 *(.stack)
START GROUP
LOAD c:/ti/ccsv7/tools/compiler/gcc-arm-none-eabi-6-2017-q1-update/bin/../lib/gcc/arm-none-eabi/6.3.1/thumb/v7e-m/fpv4-sp/hard\libgcc.a
LOAD c:/ti/ccsv7/tools/compiler/gcc-arm-none-eabi-6-2017-q1-update/bin/../lib/gcc/arm-none-eabi/6.3.1/../../../../arm-none-eabi/lib/thumb/v7e-m/fpv4-sp/hard\libg.a
LOAD c:/ti/ccsv7/tools/compiler/gcc-arm-none-eabi-6-2017-q1-update/bin/../lib/gcc/arm-none-eabi/6.3.1/../../../../arm-none-eabi/lib/thumb/v7e-m/fpv4-sp/hard\libc.a
END GROUP
START GROUP
LOAD c:/ti/ccsv7/tools/compiler/gcc-arm-none-eabi-6-2017-q1-update/bin/../lib/gcc/arm-none-eabi/6.3.1/thumb/v7e-m/fpv4-sp/hard\libgcc.a
LOAD c:/ti/ccsv7/tools/compiler/gcc-arm-none-eabi-6-2017-q1-update/bin/../lib/gcc/arm-none-eabi/6.3.1/../../../../arm-none-eabi/lib/thumb/v7e-m/fpv4-sp/hard\libc.a
LOAD c:/ti/ccsv7/tools/compiler/gcc-arm-none-eabi-6-2017-q1-update/bin/../lib/gcc/arm-none-eabi/6.3.1/../../../../arm-none-eabi/lib/thumb/v7e-m/fpv4-sp/hard\libnosys.a
END GROUP
LOAD c:/ti/ccsv7/tools/compiler/gcc-arm-none-eabi-6-2017-q1-update/bin/../lib/gcc/arm-none-eabi/6.3.1/thumb/v7e-m/fpv4-sp/hard/crtend.o
LOAD c:/ti/ccsv7/tools/compiler/gcc-arm-none-eabi-6-2017-q1-update/bin/../lib/gcc/arm-none-eabi/6.3.1/thumb/v7e-m/fpv4-sp/hard/crtn.o
OUTPUT(FreeRTOS_learning.out elf32-littlearm)

.ARM.attributes
                0x00000000       0x30
 .ARM.attributes
                0x00000000       0x22 c:/ti/ccsv7/tools/compiler/gcc-arm-none-eabi-6-2017-q1-update/bin/../lib/gcc/arm-none-eabi/6.3.1/thumb/v7e-m/fpv4-sp/hard/crti.o
 .ARM.attributes
                0x00000022       0x34 c:/ti/ccsv7/tools/compiler/gcc-arm-none-eabi-6-2017-q1-update/bin/../lib/gcc/arm-none-eabi/6.3.1/thumb/v7e-m/fpv4-sp/hard/crtbegin.o
 .ARM.attributes
                0x00000056       0x39 ./main.o
 .ARM.attributes
                0x0000008f       0x39 ./tm4c123gh6pm_startup_ccs_gcc.o
 .ARM.attributes
                0x000000c8       0x39 ./FreeRTOS/list.o
 .ARM.attributes
                0x00000101       0x39 ./FreeRTOS/queue.o
 .ARM.attributes
                0x0000013a       0x39 ./FreeRTOS/tasks.o
 .ARM.attributes
                0x00000173       0x39 ./FreeRTOS/portable/GCC/ARM_CM4F/port.o
 .ARM.attributes
                0x000001ac       0x39 ./FreeRTOS/portable/MemMang/heap_2.o
 .ARM.attributes
                0x000001e5       0x39 ./driverlib/uart.o
 .ARM.attributes
                0x0000021e       0x39 ./utils/uartstdio.o
 .ARM.attributes
                0x00000257       0x34 c:/ti/ccsv7/tools/compiler/gcc-arm-none-eabi-6-2017-q1-update/bin/../lib/gcc/arm-none-eabi/6.3.1/../../../../arm-none-eabi/lib/thumb/v7e-m/fpv4-sp/hard\libg.a(lib_a-impure.o)
 .ARM.attributes
                0x0000028b       0x20 c:/ti/ccsv7/tools/compiler/gcc-arm-none-eabi-6-2017-q1-update/bin/../lib/gcc/arm-none-eabi/6.3.1/../../../../arm-none-eabi/lib/thumb/v7e-m/fpv4-sp/hard\libg.a(lib_a-memcpy.o)
 .ARM.attributes
                0x000002ab       0x34 c:/ti/ccsv7/tools/compiler/gcc-arm-none-eabi-6-2017-q1-update/bin/../lib/gcc/arm-none-eabi/6.3.1/../../../../arm-none-eabi/lib/thumb/v7e-m/fpv4-sp/hard\libg.a(lib_a-__call_atexit.o)
 .ARM.attributes
                0x000002df       0x34 c:/ti/ccsv7/tools/compiler/gcc-arm-none-eabi-6-2017-q1-update/bin/../lib/gcc/arm-none-eabi/6.3.1/../../../../arm-none-eabi/lib/thumb/v7e-m/fpv4-sp/hard\libg.a(lib_a-atexit.o)
 .ARM.attributes
                0x00000313       0x34 c:/ti/ccsv7/tools/compiler/gcc-arm-none-eabi-6-2017-q1-update/bin/../lib/gcc/arm-none-eabi/6.3.1/../../../../arm-none-eabi/lib/thumb/v7e-m/fpv4-sp/hard\libg.a(lib_a-fini.o)
 .ARM.attributes
                0x00000347       0x34 c:/ti/ccsv7/tools/compiler/gcc-arm-none-eabi-6-2017-q1-update/bin/../lib/gcc/arm-none-eabi/6.3.1/../../../../arm-none-eabi/lib/thumb/v7e-m/fpv4-sp/hard\libg.a(lib_a-lock.o)
 .ARM.attributes
                0x0000037b       0x34 c:/ti/ccsv7/tools/compiler/gcc-arm-none-eabi-6-2017-q1-update/bin/../lib/gcc/arm-none-eabi/6.3.1/../../../../arm-none-eabi/lib/thumb/v7e-m/fpv4-sp/hard\libg.a(lib_a-__atexit.o)

.comment        0x00000000       0x7f
 .comment       0x00000000       0x7f ./main.o
                                 0x80 (size before relaxing)
 .comment       0x0000007f       0x80 ./tm4c123gh6pm_startup_ccs_gcc.o
 .comment       0x0000007f       0x80 ./FreeRTOS/list.o
 .comment       0x0000007f       0x80 ./FreeRTOS/queue.o
 .comment       0x0000007f       0x80 ./FreeRTOS/tasks.o
 .comment       0x0000007f       0x80 ./FreeRTOS/portable/GCC/ARM_CM4F/port.o
 .comment       0x0000007f       0x80 ./FreeRTOS/portable/MemMang/heap_2.o
 .comment       0x0000007f       0x80 ./driverlib/uart.o
 .comment       0x0000007f       0x80 ./utils/uartstdio.o

.debug_info     0x00000000     0x6573
 .debug_info    0x00000000      0x9c7 ./main.o
 .debug_info    0x000009c7      0x193 ./tm4c123gh6pm_startup_ccs_gcc.o
 .debug_info    0x00000b5a      0xade ./FreeRTOS/list.o
 .debug_info    0x00001638     0x1567 ./FreeRTOS/queue.o
 .debug_info    0x00002b9f     0x1caf ./FreeRTOS/tasks.o
 .debug_info    0x0000484e      0x2e6 ./FreeRTOS/portable/GCC/ARM_CM4F/port.o
 .debug_info    0x00004b34      0xb37 ./FreeRTOS/portable/MemMang/heap_2.o
 .debug_info    0x0000566b      0xb74 ./driverlib/uart.o
 .debug_info    0x000061df      0x394 ./utils/uartstdio.o

.debug_abbrev   0x00000000     0x12d5
 .debug_abbrev  0x00000000      0x215 ./main.o
 .debug_abbrev  0x00000215       0xd7 ./tm4c123gh6pm_startup_ccs_gcc.o
 .debug_abbrev  0x000002ec      0x210 ./FreeRTOS/list.o
 .debug_abbrev  0x000004fc      0x2ee ./FreeRTOS/queue.o
 .debug_abbrev  0x000007ea      0x3f4 ./FreeRTOS/tasks.o
 .debug_abbrev  0x00000bde      0x179 ./FreeRTOS/portable/GCC/ARM_CM4F/port.o
 .debug_abbrev  0x00000d57      0x2b7 ./FreeRTOS/portable/MemMang/heap_2.o
 .debug_abbrev  0x0000100e      0x178 ./driverlib/uart.o
 .debug_abbrev  0x00001186      0x14f ./utils/uartstdio.o

.debug_loc      0x00000000     0x1de0
 .debug_loc     0x00000000       0x4f ./main.o
 .debug_loc     0x0000004f       0x1e ./tm4c123gh6pm_startup_ccs_gcc.o
 .debug_loc     0x0000006d       0x86 ./FreeRTOS/list.o
 .debug_loc     0x000000f3      0x8d8 ./FreeRTOS/queue.o
 .debug_loc     0x000009cb      0xaa6 ./FreeRTOS/tasks.o
 .debug_loc     0x00001471       0x31 ./FreeRTOS/portable/GCC/ARM_CM4F/port.o
 .debug_loc     0x000014a2      0x1e4 ./FreeRTOS/portable/MemMang/heap_2.o
 .debug_loc     0x00001686      0x3ae ./driverlib/uart.o
 .debug_loc     0x00001a34      0x3ac ./utils/uartstdio.o

.debug_aranges  0x00000000      0x528
 .debug_aranges
                0x00000000       0x38 ./main.o
 .debug_aranges
                0x00000038       0x38 ./tm4c123gh6pm_startup_ccs_gcc.o
 .debug_aranges
                0x00000070       0x40 ./FreeRTOS/list.o
 .debug_aranges
                0x000000b0       0xa8 ./FreeRTOS/queue.o
 .debug_aranges
                0x00000158      0x140 ./FreeRTOS/tasks.o
 .debug_aranges
                0x00000298       0x78 ./FreeRTOS/portable/GCC/ARM_CM4F/port.o
 .debug_aranges
                0x00000310       0x38 ./FreeRTOS/portable/MemMang/heap_2.o
 .debug_aranges
                0x00000348      0x198 ./driverlib/uart.o
 .debug_aranges
                0x000004e0       0x48 ./utils/uartstdio.o

.debug_ranges   0x00000000      0x6d0
 .debug_ranges  0x00000000       0x40 ./main.o
 .debug_ranges  0x00000040       0x28 ./tm4c123gh6pm_startup_ccs_gcc.o
 .debug_ranges  0x00000068       0x30 ./FreeRTOS/list.o
 .debug_ranges  0x00000098      0x178 ./FreeRTOS/queue.o
 .debug_ranges  0x00000210      0x240 ./FreeRTOS/tasks.o
 .debug_ranges  0x00000450       0x68 ./FreeRTOS/portable/GCC/ARM_CM4F/port.o
 .debug_ranges  0x000004b8       0x58 ./FreeRTOS/portable/MemMang/heap_2.o
 .debug_ranges  0x00000510      0x188 ./driverlib/uart.o
 .debug_ranges  0x00000698       0x38 ./utils/uartstdio.o

.debug_line     0x00000000     0x2431
 .debug_line    0x00000000      0x2bd ./main.o
 .debug_line    0x000002bd      0x162 ./tm4c123gh6pm_startup_ccs_gcc.o
 .debug_line    0x0000041f      0x320 ./FreeRTOS/list.o
 .debug_line    0x0000073f      0x5f9 ./FreeRTOS/queue.o
 .debug_line    0x00000d38      0x8ba ./FreeRTOS/tasks.o
 .debug_line    0x000015f2      0x2dc ./FreeRTOS/portable/GCC/ARM_CM4F/port.o
 .debug_line    0x000018ce      0x2e8 ./FreeRTOS/portable/MemMang/heap_2.o
 .debug_line    0x00001bb6      0x57f ./driverlib/uart.o
 .debug_line    0x00002135      0x2fc ./utils/uartstdio.o

.debug_str      0x00000000     0x1d70
 .debug_str     0x00000000      0x5cf ./main.o
                                0x643 (size before relaxing)
 .debug_str     0x000005cf       0xbb ./tm4c123gh6pm_startup_ccs_gcc.o
                                0x283 (size before relaxing)
 .debug_str     0x0000068a      0x146 ./FreeRTOS/list.o
                                0x711 (size before relaxing)
 .debug_str     0x000007d0      0x430 ./FreeRTOS/queue.o
                                0xafb (size before relaxing)
 .debug_str     0x00000c00      0x8fe ./FreeRTOS/tasks.o
                               0x1086 (size before relaxing)
 .debug_str     0x000014fe      0x129 ./FreeRTOS/portable/GCC/ARM_CM4F/port.o
                                0x38c (size before relaxing)
 .debug_str     0x00001627      0x15a ./FreeRTOS/portable/MemMang/heap_2.o
                                0x75c (size before relaxing)
 .debug_str     0x00001781      0x4b3 ./driverlib/uart.o
                                0x6db (size before relaxing)
 .debug_str     0x00001c34      0x13c ./utils/uartstdio.o
                                0x345 (size before relaxing)

.debug_frame    0x00000000      0xea0
 .debug_frame   0x00000000       0x80 ./main.o
 .debug_frame   0x00000080       0x50 ./tm4c123gh6pm_startup_ccs_gcc.o
 .debug_frame   0x000000d0       0x6c ./FreeRTOS/list.o
 .debug_frame   0x0000013c      0x208 ./FreeRTOS/queue.o
 .debug_frame   0x00000344      0x418 ./FreeRTOS/tasks.o
 .debug_frame   0x0000075c       0xe0 ./FreeRTOS/portable/GCC/ARM_CM4F/port.o
 .debug_frame   0x0000083c       0x74 ./FreeRTOS/portable/MemMang/heap_2.o
 .debug_frame   0x000008b0      0x360 ./driverlib/uart.o
 .debug_frame   0x00000c10       0xfc ./utils/uartstdio.o
 .debug_frame   0x00000d0c       0x5c c:/ti/ccsv7/tools/compiler/gcc-arm-none-eabi-6-2017-q1-update/bin/../lib/gcc/arm-none-eabi/6.3.1/../../../../arm-none-eabi/lib/thumb/v7e-m/fpv4-sp/hard\libg.a(lib_a-__call_atexit.o)
 .debug_frame   0x00000d68       0x20 c:/ti/ccsv7/tools/compiler/gcc-arm-none-eabi-6-2017-q1-update/bin/../lib/gcc/arm-none-eabi/6.3.1/../../../../arm-none-eabi/lib/thumb/v7e-m/fpv4-sp/hard\libg.a(lib_a-atexit.o)
 .debug_frame   0x00000d88       0x34 c:/ti/ccsv7/tools/compiler/gcc-arm-none-eabi-6-2017-q1-update/bin/../lib/gcc/arm-none-eabi/6.3.1/../../../../arm-none-eabi/lib/thumb/v7e-m/fpv4-sp/hard\libg.a(lib_a-fini.o)
 .debug_frame   0x00000dbc       0xb0 c:/ti/ccsv7/tools/compiler/gcc-arm-none-eabi-6-2017-q1-update/bin/../lib/gcc/arm-none-eabi/6.3.1/../../../../arm-none-eabi/lib/thumb/v7e-m/fpv4-sp/hard\libg.a(lib_a-lock.o)
 .debug_frame   0x00000e6c       0x34 c:/ti/ccsv7/tools/compiler/gcc-arm-none-eabi-6-2017-q1-update/bin/../lib/gcc/arm-none-eabi/6.3.1/../../../../arm-none-eabi/lib/thumb/v7e-m/fpv4-sp/hard\libg.a(lib_a-__atexit.o)
